
> grow-your-need@1.0.0 build C:\project\latest-grow
> pnpm frontend:build && pnpm backend:build


> grow-your-need@1.0.0 frontend:build C:\project\latest-grow
> tsc --noEmit && vite build

